>>> GOLD_ROOT = 'C:/Users/DIVIJ/PycharmProjects/cricPulse/data/gold'
>>> df_players = spark.read.parquet(f"{GOLD_ROOT}/player_stats")
>>> print("\n--- GOLD Layer: Player Stats (Batsmen) ---")

--- GOLD Layer: Player Stats (Batsmen) ---
>>> df_players.printSchema()
root
 |-- player_name: string (nullable = true)
 |-- match_id: integer (nullable = true)
 |-- total_runs: long (nullable = true)
 |-- balls_faced: long (nullable = true)
 |-- strike_rate: double (nullable = true)

>>> df_players.sort(col("total_runs").desc()).show(5, False)
Traceback (most recent call last):
  File "<stdin>", line 1, in <module>
NameError: name 'col' is not defined
>>> from pyspark.sql.functions import col
>>> df_players.sort(col("total_runs").desc()).show(5, False)
+---------------+--------+----------+-----------+-----------+
|player_name    |match_id|total_runs|balls_faced|strike_rate|
+---------------+--------+----------+-----------+-----------+
|D Brevis       |67      |57        |23         |247.83     |
|DP Conway      |67      |52        |37         |140.54     |
|B Sai Sudharsan|67      |41        |30         |136.67     |
|Urvil Patel    |67      |37        |20         |185.0      |
|A Mhatre       |67      |34        |18         |188.89     |
+---------------+--------+----------+-----------+-----------+
only showing top 5 rows
>>> df_bowlers = spark.read.parquet(f"{GOLD_ROOT}/bowler_stats")
>>> print("\n--- GOLD Layer: Bowler Stats ---")

--- GOLD Layer: Bowler Stats ---
>>> df_bowlers.printSchema()
root
 |-- player_name: string (nullable = true)
 |-- match_id: integer (nullable = true)
 |-- runs_conceded: long (nullable = true)
 |-- legal_balls_bowled: long (nullable = true)
 |-- overs_bowled: double (nullable = true)
 |-- economy_rate: double (nullable = true)

>>> df_bowlers.sort(col("economy_rate").asc()).show(5, False)
+-----------------+--------+-------------+------------------+------------+------------+
|player_name      |match_id|runs_conceded|legal_balls_bowled|overs_bowled|economy_rate|
+-----------------+--------+-------------+------------------+------------+------------+
|A Kamboj         |67      |13           |15                |2.3         |5.2         |
|Noor Ahmad       |67      |22           |24                |4.0         |5.5         |
|RA Jadeja        |67      |17           |18                |3.0         |5.67        |
|KK Ahmed         |67      |18           |18                |3.0         |6.0         |
|M Prasidh Krishna|67      |27           |24                |4.0         |6.75        |
+-----------------+--------+-------------+------------------+------------+------------+
only showing top 5 rows